{
  "experiment":{
    "run":{
      "script-path":"grayscale_edge_threshold.json",
      "run-time":"\u000eX§ó\u0005",
      "username":"kushn",
      "version":"0.1.18"
    },
    "steps":[
      {
        "id":3,
        "operator":"transform-intensity-map",
        "input-data":[
          {
            "id":1,
            "type":"image",
            "repository":"filesystem",
            "format":"binary",
            "directory":".",
            "filename":"grayscale_edge",
            "ext":"bin"
          }
        ],
        "output-data":[
          {
            "id":1,
            "type":"image",
            "repository":"filesystem",
            "format":"binary",
            "directory":".",
            "filename":"grayscale_edge_threshold",
            "ext":"binary"
          }
        ],
        "parameters":{
          "depth":"CV_8U",
          "lower-in":"200",
          "upper-in":"200",
          "lower-out":"0",
          "upper-out":"255"
        },
        "results":{
          "ncols":"151",
          "nrows":"225",
          "components":"1",
          "depth":"CV_8U",
          "pixel count":"33975",
          "pixel mean":"21.2406",
          "pixel standard deviation":"70.4652",
          "min pixel value":"0",
          "max pixel value":"255"
        }
      },
      {
        "id":3,
        "operator":"transform-intensity-map",
        "input-data":[
          {
            "id":1,
            "type":"image",
            "repository":"filesystem",
            "format":"binary",
            "directory":".",
            "filename":"grayscale_edge_threshold",
            "ext":"bin"
          }
        ],
        "output-data":[
          {
            "id":1,
            "type":"image",
            "repository":"filesystem",
            "format":"jpeg",
            "directory":".",
            "filename":"grayscale_edge_threshold",
            "ext":"jpg"
          }
        ],
        "parameters":{
          "depth":"CV_8U",
          "lower-in":"200",
          "upper-in":"200",
          "lower-out":"0",
          "upper-out":"255"
        },
        "results":{
          "ncols":"151",
          "nrows":"225",
          "components":"1",
          "depth":"CV_8U",
          "pixel count":"33975",
          "pixel mean":"21.2406",
          "pixel standard deviation":"70.4652",
          "min pixel value":"0",
          "max pixel value":"255"
        }
      }
    ]
  }
}
