{
  "experiment":{
    "run":{
      "script-path":"grayscale_edge_threshold_hough.json",
      "run-time":")ºY<\u0006",
      "username":"kushn",
      "version":"0.1.18"
    },
    "steps":[
      {
        "id":1,
        "operator":"hough-image-create",
        "input-data":[
          {
            "id":1,
            "type":"image",
            "repository":"filesystem",
            "format":"binary",
            "directory":".",
            "filename":"grayscale_edge_threshold",
            "ext":"bin"
          }
        ],
        "output-data":[
          {
            "id":1,
            "type":"image",
            "repository":"filesystem",
            "format":"binary",
            "directory":".",
            "filename":"grayscale_edge_threshold_hough_accumulator",
            "ext":"bin"
          },
          {
            "id":1,
            "type":"image",
            "repository":"filesystem",
            "format":"text",
            "directory":".",
            "filename":"grayscale_edge_threshold_hough_accumulator",
            "ext":"txt"
          }
        ],
        "parameters":{
          "accumulate":"unit",
          "nrhos":"20",
          "theta-inc":"5",
          "pixel-threshold":"128",
          "min-col":"50",
          "min-row":"0",
          "max-col":"150",
          "max-row":"100",
          "min-theta":"80",
          "max-theta":"100"
        },
        "results":{
          "saw rho inc":"0",
          "rho inc":"5",
          "theta inc":"5",
          "saw_nrhos":"1",
          "nrhos":"20",
          "nthetas":"5",
          "pixel mean":"55.6",
          "pixel standard deviation":"40.9651",
          "min pixel value":"0",
          "max pixel value":"133"
        }
      }
    ]
  }
}
