{
  "experiment":{
    "run":{
      "script-path":"grayscale_edge.json",
      "run-time":"script-path",
      "username":"kushn",
      "version":"0.1.18"
    },
    "steps":[
      {
        "id":1,
        "operator":"filter-edge-sobel-maximal",
        "input-data":[
          {
            "id":1,
            "type":"image",
            "repository":"filesystem",
            "format":"jpeg",
            "directory":".",
            "filename":"grayscale",
            "ext":"jpg"
          }
        ],
        "output-data":[
          {
            "id":1,
            "type":"image",
            "repository":"filesystem",
            "format":"binary",
            "directory":".",
            "filename":"grayscale_edge",
            "ext":"bin"
          }
        ],
        "parameters":{},
        "results":{
          "ncols":"151",
          "nrows":"225",
          "components":"1",
          "depth":"CV_32F",
          "pixel count":"33975",
          "pixel mean":"49.6127",
          "pixel standard deviation":"148.38",
          "min pixel value":"0",
          "max pixel value":"993.548"
        }
      },
      {
        "id":2,
        "operator":"transform-intensity-map",
        "input-data":[
          {
            "id":1,
            "type":"image",
            "repository":"filesystem",
            "format":"binary",
            "directory":".",
            "filename":"grayscale_edge",
            "ext":"bin"
          }
        ],
        "output-data":[
          {
            "id":1,
            "type":"image",
            "repository":"filesystem",
            "format":"jpeg",
            "directory":".",
            "filename":"grayscale_edge",
            "ext":"jpg"
          }
        ],
        "parameters":{
          "depth":"CV_8U",
          "standard-deviations":"2.0"
        },
        "results":{
          "ncols":"151",
          "nrows":"225",
          "components":"1",
          "depth":"CV_8U",
          "pixel count":"33975",
          "pixel mean":"25.9921",
          "pixel standard deviation":"67.8018",
          "min pixel value":"0",
          "max pixel value":"255"
        }
      }
    ]
  }
}
